// Jest Snapshot v1, https://goo.gl/fbAQLP

exports[`InlineForm should perform a snapshot test 1`] = `
<div>
  <form
    class="flex"
    data-testid="inline-form"
  >
    <div
      class="border relative p-1"
      style="border-color: #34d399;"
    >
      <label
        class="absolute bg-gray-800 text-xs px-1"
        style="top: -12px; left: 0px; color: rgb(52, 211, 153);"
      >
        Title
      </label>
      <input
        class="bg-gray-900 py-1 pl-1 focus:outline-none"
        data-testid="title-input"
        label="Title"
        name="title"
        style="width: 230px;"
        type="text"
        value=""
      />
    </div>
    <button
      class="px-5 py-1 bg-opacity-25 focus:outline-none border"
      data-testid="submit-button"
      style="border-color: #34d399; background-color: rgba(52, 211, 153, 0.25); margin-left: 5px;"
      type="submit"
      variant="primary"
    >
      save
    </button>
    <button
      class="px-5 py-1 bg-opacity-25 focus:outline-none border"
      data-testid="cancel-button"
      style="border-color: #34d399; margin-left: 5px;"
      type="button"
    >
      cancel
    </button>
  </form>
</div>
`;
