// Jest Snapshot v1, https://goo.gl/fbAQLP

exports[`Done should perform a snapshot test 1`] = `
<div>
  <div>
    <button
      class="focus:outline-none relative"
      data-testid="done-button"
    >
      <svg
        aria-hidden="true"
        class="MuiSvgIcon-root"
        data-testid="done-notdone"
        focusable="false"
        style="color: red;"
        viewBox="0 0 24 24"
      >
        <path
          d="M19 6.41L17.59 5 12 10.59 6.41 5 5 6.41 10.59 12 5 17.59 6.41 19 12 13.41 17.59 19 19 17.59 13.41 12z"
        />
      </svg>
    </button>
  </div>
</div>
`;
